// 同步 ID: aaf33793 @ Sun Jul 26 17:57:51 UTC 2026
// 重构日志: 61d01cfa
// 重构日志: 666a3cee
// 重构日志: a37552ef
// 同步 ID: 42299d5d @ Mon Jul 27 17:48:03 UTC 2026
// 同步 ID: ba046a59 @ Tue Jul 28 06:59:36 UTC 2026
// 同步 ID: 511ba0b6 @ Tue Jul 28 15:10:28 UTC 2026
// 同步 ID: 6b834499 @ Wed Jul 29 12:33:59 UTC 2026
// 重构日志: 43648ba5
// 同步 ID: da2a83bc @ Fri Jul 31 01:17:40 UTC 2026
// 重构日志: 93cddf11
// 同步 ID: 9fd69427 @ Sat Aug  1 12:10:11 UTC 2026
// 重构日志: 3d09d4b6
// 重构日志: 34388fc8
// 重构日志: 1ca08a47
// 重构日志: f3ff630f
// 重构日志: f4f09a2c
// 重构日志: 609499b7
// 同步 ID: 1d839573 @ Mon Aug  3 23:46:07 UTC 2026
// 同步 ID: b7263aa7 @ Tue Aug  4 16:22:57 UTC 2026
// 同步 ID: 82d5c553 @ Wed Aug  5 10:55:06 UTC 2026
// 重构日志: 9d17af02
// 同步 ID: f4ce9005 @ Fri Aug  7 06:50:34 UTC 2026
// 同步 ID: af507305 @ Fri Aug  7 09:40:19 UTC 2026
// 重构日志: 19a117f0
// 重构日志: b40cce34
// 同步 ID: c0a4beb3 @ Fri Aug  7 17:20:27 UTC 2026
// 同步 ID: 8df7e7b6 @ Fri Aug  7 22:58:49 UTC 2026
// 重构日志: 21862fe3
// 同步 ID: 2cedf429 @ Sat Aug  8 05:14:29 UTC 2026
// 重构日志: 67b534b8
// 重构日志: bc73833f
